import ProjectDescription
import ProjectDescriptionHelpers

let appName = "DemoApp"
let bundleID = "com.example.demo"
let developmentTeam = "ABCDE12345"
let marketingVersion = "1.0.0"
let currentProjectVersion = "1"
let minTarget = "17.0"
let configurations: [Configuration] = [
    .debug(name: "Debug"),
    .release(name: "Release"),
]

let project = Project(
    name: appName,
    organizationName: "Example Org",
    settings: .settings(
        configurations: configurations
    ),
    targets: [
        .target(
            name: appName,
            destinations: .iOS,
            product: .app,
            bundleId: bundleID,
            deploymentTargets: .iOS(minTarget),
            infoPlist: .extendingDefault(
                with: [
                    "CFBundleDisplayName": .string(appName),
                    "CFBundleShortVersionString": .string(marketingVersion),
                    "CFBundleVersion": .string(currentProjectVersion),
                    "CFBundleURLTypes": .array([
                        .dictionary([
                            "CFBundleURLName": .string(bundleID),
                            "CFBundleTypeRole": .string("Editor"),
                            "CFBundleURLSchemes": .array([
                                .string("demoapp")
                            ])
                        ])
                    ]),
                    "ApplicationConfiguration": .dictionary([
                        "appName": .string(appName),
                        "applicationBundleIdentifier": .string(bundleID),
                        "developmentTeamID": .string(developmentTeam),
                        "urlScheme": .string("demoapp"),
                    ]),
                    "AppGroups": .dictionary([
                        "main": .string("group.com.example.demo"),
                    ]),
                    "UILaunchScreen": .dictionary([:]),
                ]
            ),
            sources: ["Targets/DemoApp/Sources/**"],
            resources: ["Targets/DemoApp/Resources/**"],
            entitlements: EntitlementsFactory.make(hostBundleId: bundleID, destinations: .iOS, capabilities: AppCapabilities.app),
            dependencies: [
                .package(product: "Auth"),
                .package(product: "CoreKit"),
            ],
            settings: .settings(
                base: [
                    "SWIFT_VERSION": "6.0",
                    "SWIFT_STRICT_MEMORY_SAFETY": "YES",
                    "SWIFT_APPROACHABLE_CONCURRENCY": "NO",
                    "SWIFT_DEFAULT_ACTOR_ISOLATION": "nonisolated",
                    "SWIFT_STRICT_CONCURRENCY_DEFAULT": "complete",
                    "SWIFT_STRICT_CONCURRENCY": "complete",
                    "SWIFT_UPCOMING_FEATURE_CONCISE_MAGIC_FILE": "YES",
                    "SWIFT_UPCOMING_FEATURE_DISABLE_OUTWARD_ACTOR_ISOLATION": "YES",
                    "SWIFT_UPCOMING_FEATURE_GLOBAL_ACTOR_ISOLATED_TYPES_USABILITY": "YES",
                    "SWIFT_UPCOMING_FEATURE_INFER_ISOLATED_CONFORMANCES": "YES",
                    "SWIFT_UPCOMING_FEATURE_INFER_SENDABLE_FROM_CAPTURES": "YES",
                    "SWIFT_UPCOMING_FEATURE_GLOBAL_CONCURRENCY": "YES",
                    "SWIFT_UPCOMING_FEATURE_MEMBER_IMPORT_VISIBILITY": "YES",
                    "SWIFT_UPCOMING_FEATURE_NONFROZEN_ENUM_EXHAUSTIVITY": "YES",
                    "SWIFT_UPCOMING_FEATURE_REGION_BASED_ISOLATION": "YES",
                    "SWIFT_UPCOMING_FEATURE_EXISTENTIAL_ANY": "YES",
                    "SWIFT_UPCOMING_FEATURE_NONISOLATED_NONSENDING_BY_DEFAULT": "YES",
                    "IPHONEOS_DEPLOYMENT_TARGET": .string(minTarget),
                    "DEVELOPMENT_TEAM": .string(developmentTeam),
                    "MARKETING_VERSION": .string(marketingVersion),
                    "CURRENT_PROJECT_VERSION": .string(currentProjectVersion),
                    "CODE_SIGN_ALLOW_ENTITLEMENTS_MODIFICATION": "YES",
                ]
            )
        )
    ]
)
