import WidgetKit
import SwiftUI

public struct DemoAppWidget: Widget {
    private let kind: String = "DemoAppWidget"

    public init() {}

    public var body: some WidgetConfiguration {
        StaticConfiguration(kind: kind, provider: DemoAppTimelineProvider()) { entry in
            DemoAppWidgetView(entry: entry)
        }
        .configurationDisplayName("DemoApp")
        .description("DemoApp widget")
        .supportedFamilies([.systemSmall, .systemMedium])
    }
}
