import AppIntents
import SwiftUI
import WidgetKit

struct DemoAppWidgetView: View {
    let entry: DemoAppTimelineEntry

    var body: some View {
        VStack(alignment: .leading, spacing: 8) {
            Text(entry.title)
                .font(.headline)
            Text(entry.date, style: .time)
                .font(.caption)
                .foregroundStyle(.secondary)

            Spacer()

            Button(intent: DemoAppWidgetToggleIntent()) {
                Label(
                    entry.isToggled ? "On" : "Off",
                    systemImage: entry.isToggled ? "checkmark.circle.fill" : "circle"
                )
                .font(.caption)
            }
            .tint(entry.isToggled ? .green : .secondary)
        }
        .frame(maxWidth: .infinity, maxHeight: .infinity, alignment: .topLeading)
        .padding()
    }
}
