import SwiftUI
import WidgetKit

struct DemoAppWidgetView: View {
    let entry: DemoAppTimelineEntry

    var body: some View {
        VStack(alignment: .leading, spacing: 8) {
            Text(entry.title)
                .font(.headline)
            Text(entry.date, style: .time)
                .font(.caption)
                .foregroundStyle(.secondary)
        }
        .frame(maxWidth: .infinity, maxHeight: .infinity, alignment: .topLeading)
        .padding()
    }
}
