// swift-tools-version: 6.0
import PackageDescription

// Implementation package
let package = Package(
    name: "AuthImpl",
    platforms: [
        .iOS(.v16),
    ],
    products: [
        .library(name: "AuthImpl", type: .dynamic, targets: ["AuthImpl"]),
    ],
    dependencies: [
        .package(path: "../Auth"),
        .package(path: "../CoreKit"),
        .package(path: "../Analytics"),
    ],
    targets: [
        .target(
            name: "AuthImpl",
            dependencies: [
                .product(name: "Auth", package: "Auth"),
                .product(name: "CoreKit", package: "CoreKit"),
                .product(name: "Analytics", package: "Analytics"),
            ],
            path: "Sources"
        ),
    ]
)
