// swift-tools-version: 6.2
import PackageDescription

// Interface package
let package = Package(
    name: "Auth",
    platforms: [
        .iOS(.v16),
    ],
    products: [
        .library(name: "Auth", type: .dynamic, targets: ["Auth"]),
    ],
    dependencies: [
        .package(path: "../CoreKit"),
        .package(path: "../Analytics"),
    ],
    targets: [
        .target(
            name: "Auth",
            dependencies: [
                .product(name: "CoreKit", package: "CoreKit"),
                .product(name: "Analytics", package: "Analytics"),
            ],
            path: "Sources",
            swiftSettings: [
                .swiftLanguageMode(.v6),
                .enableUpcomingFeature("ConciseMagicFile"),
                .enableUpcomingFeature("DisableOutwardActorInference"),
                .enableUpcomingFeature("GlobalActorIsolatedTypesUsability"),
                .enableUpcomingFeature("InferIsolatedConformances"),
                .enableUpcomingFeature("InferSendableFromCaptures"),
                .enableUpcomingFeature("GlobalConcurrency"),
                .enableUpcomingFeature("MemberImportVisibility"),
                .enableUpcomingFeature("NonfrozenEnumExhaustivity"),
                .enableUpcomingFeature("RegionBasedIsolation"),
                .enableUpcomingFeature("ExistentialAny"),
                .enableUpcomingFeature("NonisolatedNonsendingByDefault"),
            ]
        ),
    ]
)
